
  .   ____          _            __ _ _
 /\\ / ___'_ __ _ _(_)_ __  __ _ \ \ \ \
( ( )\___ | '_ | '_| | '_ \/ _` | \ \ \ \
 \\/  ___)| |_)| | | | | || (_| |  ) ) ) )
  '  |____| .__|_| |_|_| |_\__, | / / / /
 =========|_|==============|___/=/_/_/_/

 :: Spring Boot ::                (v4.1.0)

2026-08-23T18:20:20.965+05:30  INFO 16040 --- [Config-Server] [           main] l.i.e.c.ConfigServerApplication          : Starting ConfigServerApplication v1.0.0 using Java 25.0.4 with PID 16040 (D:\Ijse\4thSemester\project\platform\config-server\target\Config-Server-1.0.0.jar started by User in D:\Ijse\4thSemester\project\platform)
2026-08-23T18:20:20.973+05:30  INFO 16040 --- [Config-Server] [           main] l.i.e.c.ConfigServerApplication          : No active profile set, falling back to 1 default profile: "default"
2026-08-23T18:20:24.755+05:30  INFO 16040 --- [Config-Server] [           main] o.s.cloud.context.scope.GenericScope     : BeanFactory id=18e84985-69da-3af5-bd42-25b700a248f1
2026-08-23T18:20:26.181+05:30  INFO 16040 --- [Config-Server] [           main] o.s.boot.tomcat.TomcatWebServer          : Tomcat initialized with port 9000 (http)
2026-08-23T18:20:26.249+05:30  INFO 16040 --- [Config-Server] [           main] o.apache.catalina.core.StandardService   : Starting service [Tomcat]
2026-08-23T18:20:26.250+05:30  INFO 16040 --- [Config-Server] [           main] o.apache.catalina.core.StandardEngine    : Starting Servlet engine: [Apache Tomcat/11.0.22]
2026-08-23T18:20:26.375+05:30  INFO 16040 --- [Config-Server] [           main] b.w.c.s.WebApplicationContextInitializer : Root WebApplicationContext: initialization completed in 5162 ms
2026-08-23T18:20:33.621+05:30  INFO 16040 --- [Config-Server] [           main] o.s.b.a.e.web.EndpointLinksResolver      : Exposing 1 endpoint beneath base path '/actuator'
2026-08-23T18:20:33.908+05:30  INFO 16040 --- [Config-Server] [           main] o.s.boot.tomcat.TomcatWebServer          : Tomcat started on port 9000 (http) with context path '/'
2026-08-23T18:20:34.070+05:30  INFO 16040 --- [Config-Server] [           main] l.i.e.c.ConfigServerApplication          : Started ConfigServerApplication in 14.965 seconds (process running for 17.695)
2026-08-23T18:20:34.516+05:30  INFO 16040 --- [Config-Server] [nio-9000-exec-2] o.a.c.c.C.[Tomcat].[localhost].[/]       : Initializing Spring DispatcherServlet 'dispatcherServlet'
2026-08-23T18:20:34.516+05:30  INFO 16040 --- [Config-Server] [nio-9000-exec-2] o.s.web.servlet.DispatcherServlet        : Initializing Servlet 'dispatcherServlet'
2026-08-23T18:20:34.518+05:30  INFO 16040 --- [Config-Server] [nio-9000-exec-2] o.s.web.servlet.DispatcherServlet        : Completed initialization in 2 ms
2026-08-23T18:20:39.432+05:30  INFO 16040 --- [Config-Server] [nio-9000-exec-2] o.s.c.c.s.e.NativeEnvironmentRepository  : Adding property source: Config resource 'file [C:\Users\User\AppData\Local\Temp\config-repo-6916068953502232946\platform\api-gateway.yaml]' via location 'file:/C:/Users/User/AppData/Local/Temp/config-repo-6916068953502232946/platform/'
2026-08-23T18:20:39.434+05:30  INFO 16040 --- [Config-Server] [nio-9000-exec-2] o.s.c.c.s.e.NativeEnvironmentRepository  : Adding property source: Config resource 'file [C:\Users\User\AppData\Local\Temp\config-repo-6916068953502232946\application.yaml]' via location 'file:/C:/Users/User/AppData/Local/Temp/config-repo-6916068953502232946/'
2026-08-23T18:20:40.656+05:30  INFO 16040 --- [Config-Server] [nio-9000-exec-1] o.s.c.c.s.e.NativeEnvironmentRepository  : Adding property source: Config resource 'file [C:\Users\User\AppData\Local\Temp\config-repo-6916068953502232946\platform\service-registry.yaml]' via location 'file:/C:/Users/User/AppData/Local/Temp/config-repo-6916068953502232946/platform/'
2026-08-23T18:20:40.657+05:30  INFO 16040 --- [Config-Server] [nio-9000-exec-1] o.s.c.c.s.e.NativeEnvironmentRepository  : Adding property source: Config resource 'file [C:\Users\User\AppData\Local\Temp\config-repo-6916068953502232946\application.yaml]' via location 'file:/C:/Users/User/AppData/Local/Temp/config-repo-6916068953502232946/'

  .   ____          _            __ _ _
 /\\ / ___'_ __ _ _(_)_ __  __ _ \ \ \ \
( ( )\___ | '_ | '_| | '_ \/ _` | \ \ \ \
 \\/  ___)| |_)| | | | | || (_| |  ) ) ) )
  '  |____| .__|_| |_|_| |_\__, | / / / /
 =========|_|==============|___/=/_/_/_/

 :: Spring Boot ::                (v4.1.0)

2026-08-23T18:22:04.203+05:30  INFO 18896 --- [Config-Server] [           main] l.i.e.c.ConfigServerApplication          : Starting ConfigServerApplication v1.0.0 using Java 25.0.4 with PID 18896 (D:\Ijse\4thSemester\project\platform\config-server\target\Config-Server-1.0.0.jar started by User in D:\Ijse\4thSemester\project\platform)
2026-08-23T18:22:04.224+05:30  INFO 18896 --- [Config-Server] [           main] l.i.e.c.ConfigServerApplication          : No active profile set, falling back to 1 default profile: "default"
2026-08-23T18:22:09.264+05:30  INFO 18896 --- [Config-Server] [           main] o.s.cloud.context.scope.GenericScope     : BeanFactory id=18e84985-69da-3af5-bd42-25b700a248f1
2026-08-23T18:22:10.660+05:30  INFO 18896 --- [Config-Server] [           main] o.s.boot.tomcat.TomcatWebServer          : Tomcat initialized with port 9000 (http)
2026-08-23T18:22:10.755+05:30  INFO 18896 --- [Config-Server] [           main] o.apache.catalina.core.StandardService   : Starting service [Tomcat]
2026-08-23T18:22:10.756+05:30  INFO 18896 --- [Config-Server] [           main] o.apache.catalina.core.StandardEngine    : Starting Servlet engine: [Apache Tomcat/11.0.22]
2026-08-23T18:22:10.895+05:30  INFO 18896 --- [Config-Server] [           main] b.w.c.s.WebApplicationContextInitializer : Root WebApplicationContext: initialization completed in 6299 ms
2026-08-23T18:22:15.870+05:30  INFO 18896 --- [Config-Server] [           main] o.s.b.a.e.web.EndpointLinksResolver      : Exposing 1 endpoint beneath base path '/actuator'
2026-08-23T18:22:16.319+05:30  INFO 18896 --- [Config-Server] [           main] o.s.boot.tomcat.TomcatWebServer          : Tomcat started on port 9000 (http) with context path '/'
2026-08-23T18:22:16.410+05:30  INFO 18896 --- [Config-Server] [           main] l.i.e.c.ConfigServerApplication          : Started ConfigServerApplication in 14.879 seconds (process running for 17.143)
2026-08-23T18:22:18.753+05:30  INFO 18896 --- [Config-Server] [nio-9000-exec-2] o.a.c.c.C.[Tomcat].[localhost].[/]       : Initializing Spring DispatcherServlet 'dispatcherServlet'
2026-08-23T18:22:18.754+05:30  INFO 18896 --- [Config-Server] [nio-9000-exec-2] o.s.web.servlet.DispatcherServlet        : Initializing Servlet 'dispatcherServlet'
2026-08-23T18:22:18.756+05:30  INFO 18896 --- [Config-Server] [nio-9000-exec-2] o.s.web.servlet.DispatcherServlet        : Completed initialization in 2 ms
2026-08-23T18:22:23.050+05:30  INFO 18896 --- [Config-Server] [nio-9000-exec-2] o.s.c.c.s.e.NativeEnvironmentRepository  : Adding property source: Config resource 'file [C:\Users\User\AppData\Local\Temp\config-repo-9155929946460048838\platform\api-gateway.yaml]' via location 'file:/C:/Users/User/AppData/Local/Temp/config-repo-9155929946460048838/platform/'
2026-08-23T18:22:23.051+05:30  INFO 18896 --- [Config-Server] [nio-9000-exec-2] o.s.c.c.s.e.NativeEnvironmentRepository  : Adding property source: Config resource 'file [C:\Users\User\AppData\Local\Temp\config-repo-9155929946460048838\application.yaml]' via location 'file:/C:/Users/User/AppData/Local/Temp/config-repo-9155929946460048838/'
2026-08-23T18:22:23.974+05:30  INFO 18896 --- [Config-Server] [nio-9000-exec-3] o.s.c.c.s.e.NativeEnvironmentRepository  : Adding property source: Config resource 'file [C:\Users\User\AppData\Local\Temp\config-repo-9155929946460048838\platform\service-registry.yaml]' via location 'file:/C:/Users/User/AppData/Local/Temp/config-repo-9155929946460048838/platform/'
2026-08-23T18:22:23.975+05:30  INFO 18896 --- [Config-Server] [nio-9000-exec-3] o.s.c.c.s.e.NativeEnvironmentRepository  : Adding property source: Config resource 'file [C:\Users\User\AppData\Local\Temp\config-repo-9155929946460048838\application.yaml]' via location 'file:/C:/Users/User/AppData/Local/Temp/config-repo-9155929946460048838/'

  .   ____          _            __ _ _
 /\\ / ___'_ __ _ _(_)_ __  __ _ \ \ \ \
( ( )\___ | '_ | '_| | '_ \/ _` | \ \ \ \
 \\/  ___)| |_)| | | | | || (_| |  ) ) ) )
  '  |____| .__|_| |_|_| |_\__, | / / / /
 =========|_|==============|___/=/_/_/_/

 :: Spring Boot ::                (v4.1.0)

2026-08-23T19:14:10.979+05:30  INFO 19016 --- [Config-Server] [           main] l.i.e.c.ConfigServerApplication          : Starting ConfigServerApplication v1.0.0 using Java 25.0.4 with PID 19016 (D:\Ijse\4thSemester\project\platform\config-server\target\Config-Server-1.0.0.jar started by User in D:\Ijse\4thSemester\project\platform)
2026-08-23T19:14:10.986+05:30  INFO 19016 --- [Config-Server] [           main] l.i.e.c.ConfigServerApplication          : No active profile set, falling back to 1 default profile: "default"
2026-08-23T19:14:14.850+05:30  INFO 19016 --- [Config-Server] [           main] o.s.cloud.context.scope.GenericScope     : BeanFactory id=18e84985-69da-3af5-bd42-25b700a248f1
2026-08-23T19:14:16.024+05:30  INFO 19016 --- [Config-Server] [           main] o.s.boot.tomcat.TomcatWebServer          : Tomcat initialized with port 9000 (http)
2026-08-23T19:14:16.110+05:30  INFO 19016 --- [Config-Server] [           main] o.apache.catalina.core.StandardService   : Starting service [Tomcat]
2026-08-23T19:14:16.111+05:30  INFO 19016 --- [Config-Server] [           main] o.apache.catalina.core.StandardEngine    : Starting Servlet engine: [Apache Tomcat/11.0.22]
2026-08-23T19:14:16.211+05:30  INFO 19016 --- [Config-Server] [           main] b.w.c.s.WebApplicationContextInitializer : Root WebApplicationContext: initialization completed in 4978 ms
2026-08-23T19:14:19.642+05:30  INFO 19016 --- [Config-Server] [           main] o.s.b.a.e.web.EndpointLinksResolver      : Exposing 1 endpoint beneath base path '/actuator'
2026-08-23T19:14:19.861+05:30  WARN 19016 --- [Config-Server] [           main] ConfigServletWebServerApplicationContext : Exception encountered during context initialization - cancelling refresh attempt: org.springframework.context.ApplicationContextException: Failed to start bean 'webServerStartStop'
2026-08-23T19:14:19.939+05:30  INFO 19016 --- [Config-Server] [           main] .s.b.a.l.ConditionEvaluationReportLogger : 

Error starting ApplicationContext. To display the condition evaluation report re-run your application with 'debug' enabled.
2026-08-23T19:14:20.010+05:30 ERROR 19016 --- [Config-Server] [           main] o.s.b.d.LoggingFailureAnalysisReporter   : 

***************************
APPLICATION FAILED TO START
***************************

Description:

Web server failed to start. Port 9000 was already in use.

Action:

Identify and stop the process that's listening on port 9000 or configure this application to listen on another port.


  .   ____          _            __ _ _
 /\\ / ___'_ __ _ _(_)_ __  __ _ \ \ \ \
( ( )\___ | '_ | '_| | '_ \/ _` | \ \ \ \
 \\/  ___)| |_)| | | | | || (_| |  ) ) ) )
  '  |____| .__|_| |_|_| |_\__, | / / / /
 =========|_|==============|___/=/_/_/_/

 :: Spring Boot ::                (v4.1.0)

2026-08-23T19:14:24.132+05:30  INFO 1032 --- [Config-Server] [           main] l.i.e.c.ConfigServerApplication          : Starting ConfigServerApplication v1.0.0 using Java 25.0.4 with PID 1032 (D:\Ijse\4thSemester\project\platform\config-server\target\Config-Server-1.0.0.jar started by User in D:\Ijse\4thSemester\project\platform)
2026-08-23T19:14:24.154+05:30  INFO 1032 --- [Config-Server] [           main] l.i.e.c.ConfigServerApplication          : No active profile set, falling back to 1 default profile: "default"
2026-08-23T19:14:27.304+05:30  INFO 1032 --- [Config-Server] [           main] o.s.cloud.context.scope.GenericScope     : BeanFactory id=18e84985-69da-3af5-bd42-25b700a248f1
2026-08-23T19:14:28.186+05:30  INFO 1032 --- [Config-Server] [           main] o.s.boot.tomcat.TomcatWebServer          : Tomcat initialized with port 9000 (http)
2026-08-23T19:14:28.217+05:30  INFO 1032 --- [Config-Server] [           main] o.apache.catalina.core.StandardService   : Starting service [Tomcat]
2026-08-23T19:14:28.217+05:30  INFO 1032 --- [Config-Server] [           main] o.apache.catalina.core.StandardEngine    : Starting Servlet engine: [Apache Tomcat/11.0.22]
2026-08-23T19:14:28.293+05:30  INFO 1032 --- [Config-Server] [           main] b.w.c.s.WebApplicationContextInitializer : Root WebApplicationContext: initialization completed in 3919 ms
2026-08-23T19:14:31.169+05:30  INFO 1032 --- [Config-Server] [           main] o.s.b.a.e.web.EndpointLinksResolver      : Exposing 1 endpoint beneath base path '/actuator'
2026-08-23T19:14:31.339+05:30  WARN 1032 --- [Config-Server] [           main] ConfigServletWebServerApplicationContext : Exception encountered during context initialization - cancelling refresh attempt: org.springframework.context.ApplicationContextException: Failed to start bean 'webServerStartStop'
2026-08-23T19:14:31.405+05:30  INFO 1032 --- [Config-Server] [           main] .s.b.a.l.ConditionEvaluationReportLogger : 

Error starting ApplicationContext. To display the condition evaluation report re-run your application with 'debug' enabled.
2026-08-23T19:14:31.435+05:30 ERROR 1032 --- [Config-Server] [           main] o.s.b.d.LoggingFailureAnalysisReporter   : 

***************************
APPLICATION FAILED TO START
***************************

Description:

Web server failed to start. Port 9000 was already in use.

Action:

Identify and stop the process that's listening on port 9000 or configure this application to listen on another port.


  .   ____          _            __ _ _
 /\\ / ___'_ __ _ _(_)_ __  __ _ \ \ \ \
( ( )\___ | '_ | '_| | '_ \/ _` | \ \ \ \
 \\/  ___)| |_)| | | | | || (_| |  ) ) ) )
  '  |____| .__|_| |_|_| |_\__, | / / / /
 =========|_|==============|___/=/_/_/_/

 :: Spring Boot ::                (v4.1.0)

2026-08-23T19:14:33.047+05:30  INFO 18008 --- [Config-Server] [           main] l.i.e.c.ConfigServerApplication          : Starting ConfigServerApplication v1.0.0 using Java 25.0.4 with PID 18008 (D:\Ijse\4thSemester\project\platform\config-server\target\Config-Server-1.0.0.jar started by User in D:\Ijse\4thSemester\project\platform)
2026-08-23T19:14:33.052+05:30  INFO 18008 --- [Config-Server] [           main] l.i.e.c.ConfigServerApplication          : No active profile set, falling back to 1 default profile: "default"
2026-08-23T19:14:34.712+05:30  INFO 18008 --- [Config-Server] [           main] o.s.cloud.context.scope.GenericScope     : BeanFactory id=18e84985-69da-3af5-bd42-25b700a248f1
2026-08-23T19:14:35.351+05:30  INFO 18008 --- [Config-Server] [           main] o.s.boot.tomcat.TomcatWebServer          : Tomcat initialized with port 9000 (http)
2026-08-23T19:14:35.376+05:30  INFO 18008 --- [Config-Server] [           main] o.apache.catalina.core.StandardService   : Starting service [Tomcat]
2026-08-23T19:14:35.377+05:30  INFO 18008 --- [Config-Server] [           main] o.apache.catalina.core.StandardEngine    : Starting Servlet engine: [Apache Tomcat/11.0.22]
2026-08-23T19:14:35.433+05:30  INFO 18008 --- [Config-Server] [           main] b.w.c.s.WebApplicationContextInitializer : Root WebApplicationContext: initialization completed in 2310 ms
2026-08-23T19:14:37.483+05:30  INFO 18008 --- [Config-Server] [           main] o.s.b.a.e.web.EndpointLinksResolver      : Exposing 1 endpoint beneath base path '/actuator'
2026-08-23T19:14:37.586+05:30  WARN 18008 --- [Config-Server] [           main] ConfigServletWebServerApplicationContext : Exception encountered during context initialization - cancelling refresh attempt: org.springframework.context.ApplicationContextException: Failed to start bean 'webServerStartStop'
2026-08-23T19:14:37.623+05:30  INFO 18008 --- [Config-Server] [           main] .s.b.a.l.ConditionEvaluationReportLogger : 

Error starting ApplicationContext. To display the condition evaluation report re-run your application with 'debug' enabled.
2026-08-23T19:14:37.652+05:30 ERROR 18008 --- [Config-Server] [           main] o.s.b.d.LoggingFailureAnalysisReporter   : 

***************************
APPLICATION FAILED TO START
***************************

Description:

Web server failed to start. Port 9000 was already in use.

Action:

Identify and stop the process that's listening on port 9000 or configure this application to listen on another port.


  .   ____          _            __ _ _
 /\\ / ___'_ __ _ _(_)_ __  __ _ \ \ \ \
( ( )\___ | '_ | '_| | '_ \/ _` | \ \ \ \
 \\/  ___)| |_)| | | | | || (_| |  ) ) ) )
  '  |____| .__|_| |_|_| |_\__, | / / / /
 =========|_|==============|___/=/_/_/_/

 :: Spring Boot ::                (v4.1.0)

2026-08-23T19:14:39.349+05:30  INFO 15716 --- [Config-Server] [           main] l.i.e.c.ConfigServerApplication          : Starting ConfigServerApplication v1.0.0 using Java 25.0.4 with PID 15716 (D:\Ijse\4thSemester\project\platform\config-server\target\Config-Server-1.0.0.jar started by User in D:\Ijse\4thSemester\project\platform)
2026-08-23T19:14:39.354+05:30  INFO 15716 --- [Config-Server] [           main] l.i.e.c.ConfigServerApplication          : No active profile set, falling back to 1 default profile: "default"
2026-08-23T19:14:40.891+05:30  INFO 15716 --- [Config-Server] [           main] o.s.cloud.context.scope.GenericScope     : BeanFactory id=18e84985-69da-3af5-bd42-25b700a248f1
2026-08-23T19:14:41.622+05:30  INFO 15716 --- [Config-Server] [           main] o.s.boot.tomcat.TomcatWebServer          : Tomcat initialized with port 9000 (http)
2026-08-23T19:14:41.653+05:30  INFO 15716 --- [Config-Server] [           main] o.apache.catalina.core.StandardService   : Starting service [Tomcat]
2026-08-23T19:14:41.654+05:30  INFO 15716 --- [Config-Server] [           main] o.apache.catalina.core.StandardEngine    : Starting Servlet engine: [Apache Tomcat/11.0.22]
2026-08-23T19:14:41.713+05:30  INFO 15716 --- [Config-Server] [           main] b.w.c.s.WebApplicationContextInitializer : Root WebApplicationContext: initialization completed in 2272 ms
2026-08-23T19:14:43.862+05:30  INFO 15716 --- [Config-Server] [           main] o.s.b.a.e.web.EndpointLinksResolver      : Exposing 1 endpoint beneath base path '/actuator'
2026-08-23T19:14:43.964+05:30  WARN 15716 --- [Config-Server] [           main] ConfigServletWebServerApplicationContext : Exception encountered during context initialization - cancelling refresh attempt: org.springframework.context.ApplicationContextException: Failed to start bean 'webServerStartStop'
2026-08-23T19:14:43.996+05:30  INFO 15716 --- [Config-Server] [           main] .s.b.a.l.ConditionEvaluationReportLogger : 

Error starting ApplicationContext. To display the condition evaluation report re-run your application with 'debug' enabled.
2026-08-23T19:14:44.030+05:30 ERROR 15716 --- [Config-Server] [           main] o.s.b.d.LoggingFailureAnalysisReporter   : 

***************************
APPLICATION FAILED TO START
***************************

Description:

Web server failed to start. Port 9000 was already in use.

Action:

Identify and stop the process that's listening on port 9000 or configure this application to listen on another port.


  .   ____          _            __ _ _
 /\\ / ___'_ __ _ _(_)_ __  __ _ \ \ \ \
( ( )\___ | '_ | '_| | '_ \/ _` | \ \ \ \
 \\/  ___)| |_)| | | | | || (_| |  ) ) ) )
  '  |____| .__|_| |_|_| |_\__, | / / / /
 =========|_|==============|___/=/_/_/_/

 :: Spring Boot ::                (v4.1.0)

2026-08-23T19:14:45.624+05:30  INFO 16728 --- [Config-Server] [           main] l.i.e.c.ConfigServerApplication          : Starting ConfigServerApplication v1.0.0 using Java 25.0.4 with PID 16728 (D:\Ijse\4thSemester\project\platform\config-server\target\Config-Server-1.0.0.jar started by User in D:\Ijse\4thSemester\project\platform)
2026-08-23T19:14:45.628+05:30  INFO 16728 --- [Config-Server] [           main] l.i.e.c.ConfigServerApplication          : No active profile set, falling back to 1 default profile: "default"
2026-08-23T19:14:47.100+05:30  INFO 16728 --- [Config-Server] [           main] o.s.cloud.context.scope.GenericScope     : BeanFactory id=18e84985-69da-3af5-bd42-25b700a248f1
2026-08-23T19:14:47.721+05:30  INFO 16728 --- [Config-Server] [           main] o.s.boot.tomcat.TomcatWebServer          : Tomcat initialized with port 9000 (http)
2026-08-23T19:14:47.754+05:30  INFO 16728 --- [Config-Server] [           main] o.apache.catalina.core.StandardService   : Starting service [Tomcat]
2026-08-23T19:14:47.755+05:30  INFO 16728 --- [Config-Server] [           main] o.apache.catalina.core.StandardEngine    : Starting Servlet engine: [Apache Tomcat/11.0.22]
2026-08-23T19:14:47.816+05:30  INFO 16728 --- [Config-Server] [           main] b.w.c.s.WebApplicationContextInitializer : Root WebApplicationContext: initialization completed in 2095 ms
2026-08-23T19:14:49.920+05:30  INFO 16728 --- [Config-Server] [           main] o.s.b.a.e.web.EndpointLinksResolver      : Exposing 1 endpoint beneath base path '/actuator'
2026-08-23T19:14:50.019+05:30  WARN 16728 --- [Config-Server] [           main] ConfigServletWebServerApplicationContext : Exception encountered during context initialization - cancelling refresh attempt: org.springframework.context.ApplicationContextException: Failed to start bean 'webServerStartStop'
2026-08-23T19:14:50.056+05:30  INFO 16728 --- [Config-Server] [           main] .s.b.a.l.ConditionEvaluationReportLogger : 

Error starting ApplicationContext. To display the condition evaluation report re-run your application with 'debug' enabled.
2026-08-23T19:14:50.079+05:30 ERROR 16728 --- [Config-Server] [           main] o.s.b.d.LoggingFailureAnalysisReporter   : 

***************************
APPLICATION FAILED TO START
***************************

Description:

Web server failed to start. Port 9000 was already in use.

Action:

Identify and stop the process that's listening on port 9000 or configure this application to listen on another port.


  .   ____          _            __ _ _
 /\\ / ___'_ __ _ _(_)_ __  __ _ \ \ \ \
( ( )\___ | '_ | '_| | '_ \/ _` | \ \ \ \
 \\/  ___)| |_)| | | | | || (_| |  ) ) ) )
  '  |____| .__|_| |_|_| |_\__, | / / / /
 =========|_|==============|___/=/_/_/_/

 :: Spring Boot ::                (v4.1.0)

2026-08-23T19:14:51.737+05:30  INFO 19048 --- [Config-Server] [           main] l.i.e.c.ConfigServerApplication          : Starting ConfigServerApplication v1.0.0 using Java 25.0.4 with PID 19048 (D:\Ijse\4thSemester\project\platform\config-server\target\Config-Server-1.0.0.jar started by User in D:\Ijse\4thSemester\project\platform)
2026-08-23T19:14:51.741+05:30  INFO 19048 --- [Config-Server] [           main] l.i.e.c.ConfigServerApplication          : No active profile set, falling back to 1 default profile: "default"
2026-08-23T19:14:53.522+05:30  INFO 19048 --- [Config-Server] [           main] o.s.cloud.context.scope.GenericScope     : BeanFactory id=18e84985-69da-3af5-bd42-25b700a248f1
2026-08-23T19:14:54.203+05:30  INFO 19048 --- [Config-Server] [           main] o.s.boot.tomcat.TomcatWebServer          : Tomcat initialized with port 9000 (http)
2026-08-23T19:14:54.238+05:30  INFO 19048 --- [Config-Server] [           main] o.apache.catalina.core.StandardService   : Starting service [Tomcat]
2026-08-23T19:14:54.239+05:30  INFO 19048 --- [Config-Server] [           main] o.apache.catalina.core.StandardEngine    : Starting Servlet engine: [Apache Tomcat/11.0.22]
2026-08-23T19:14:54.305+05:30  INFO 19048 --- [Config-Server] [           main] b.w.c.s.WebApplicationContextInitializer : Root WebApplicationContext: initialization completed in 2484 ms
2026-08-23T19:14:56.373+05:30  INFO 19048 --- [Config-Server] [           main] o.s.b.a.e.web.EndpointLinksResolver      : Exposing 1 endpoint beneath base path '/actuator'
2026-08-23T19:14:56.471+05:30  WARN 19048 --- [Config-Server] [           main] ConfigServletWebServerApplicationContext : Exception encountered during context initialization - cancelling refresh attempt: org.springframework.context.ApplicationContextException: Failed to start bean 'webServerStartStop'
2026-08-23T19:14:56.509+05:30  INFO 19048 --- [Config-Server] [           main] .s.b.a.l.ConditionEvaluationReportLogger : 

Error starting ApplicationContext. To display the condition evaluation report re-run your application with 'debug' enabled.
2026-08-23T19:14:56.538+05:30 ERROR 19048 --- [Config-Server] [           main] o.s.b.d.LoggingFailureAnalysisReporter   : 

***************************
APPLICATION FAILED TO START
***************************

Description:

Web server failed to start. Port 9000 was already in use.

Action:

Identify and stop the process that's listening on port 9000 or configure this application to listen on another port.


  .   ____          _            __ _ _
 /\\ / ___'_ __ _ _(_)_ __  __ _ \ \ \ \
( ( )\___ | '_ | '_| | '_ \/ _` | \ \ \ \
 \\/  ___)| |_)| | | | | || (_| |  ) ) ) )
  '  |____| .__|_| |_|_| |_\__, | / / / /
 =========|_|==============|___/=/_/_/_/

 :: Spring Boot ::                (v4.1.0)

2026-08-23T19:14:58.209+05:30  INFO 15824 --- [Config-Server] [           main] l.i.e.c.ConfigServerApplication          : Starting ConfigServerApplication v1.0.0 using Java 25.0.4 with PID 15824 (D:\Ijse\4thSemester\project\platform\config-server\target\Config-Server-1.0.0.jar started by User in D:\Ijse\4thSemester\project\platform)
2026-08-23T19:14:58.214+05:30  INFO 15824 --- [Config-Server] [           main] l.i.e.c.ConfigServerApplication          : No active profile set, falling back to 1 default profile: "default"
2026-08-23T19:14:59.856+05:30  INFO 15824 --- [Config-Server] [           main] o.s.cloud.context.scope.GenericScope     : BeanFactory id=18e84985-69da-3af5-bd42-25b700a248f1
2026-08-23T19:15:00.589+05:30  INFO 15824 --- [Config-Server] [           main] o.s.boot.tomcat.TomcatWebServer          : Tomcat initialized with port 9000 (http)
2026-08-23T19:15:00.620+05:30  INFO 15824 --- [Config-Server] [           main] o.apache.catalina.core.StandardService   : Starting service [Tomcat]
2026-08-23T19:15:00.621+05:30  INFO 15824 --- [Config-Server] [           main] o.apache.catalina.core.StandardEngine    : Starting Servlet engine: [Apache Tomcat/11.0.22]
2026-08-23T19:15:00.687+05:30  INFO 15824 --- [Config-Server] [           main] b.w.c.s.WebApplicationContextInitializer : Root WebApplicationContext: initialization completed in 2397 ms
2026-08-23T19:15:05.899+05:30  INFO 15824 --- [Config-Server] [           main] o.s.b.a.e.web.EndpointLinksResolver      : Exposing 1 endpoint beneath base path '/actuator'
2026-08-23T19:15:06.068+05:30  WARN 15824 --- [Config-Server] [           main] ConfigServletWebServerApplicationContext : Exception encountered during context initialization - cancelling refresh attempt: org.springframework.context.ApplicationContextException: Failed to start bean 'webServerStartStop'
2026-08-23T19:15:06.128+05:30  INFO 15824 --- [Config-Server] [           main] .s.b.a.l.ConditionEvaluationReportLogger : 

Error starting ApplicationContext. To display the condition evaluation report re-run your application with 'debug' enabled.
2026-08-23T19:15:06.176+05:30 ERROR 15824 --- [Config-Server] [           main] o.s.b.d.LoggingFailureAnalysisReporter   : 

***************************
APPLICATION FAILED TO START
***************************

Description:

Web server failed to start. Port 9000 was already in use.

Action:

Identify and stop the process that's listening on port 9000 or configure this application to listen on another port.


  .   ____          _            __ _ _
 /\\ / ___'_ __ _ _(_)_ __  __ _ \ \ \ \
( ( )\___ | '_ | '_| | '_ \/ _` | \ \ \ \
 \\/  ___)| |_)| | | | | || (_| |  ) ) ) )
  '  |____| .__|_| |_|_| |_\__, | / / / /
 =========|_|==============|___/=/_/_/_/

 :: Spring Boot ::                (v4.1.0)

2026-08-23T19:15:09.354+05:30  INFO 2372 --- [Config-Server] [           main] l.i.e.c.ConfigServerApplication          : Starting ConfigServerApplication v1.0.0 using Java 25.0.4 with PID 2372 (D:\Ijse\4thSemester\project\platform\config-server\target\Config-Server-1.0.0.jar started by User in D:\Ijse\4thSemester\project\platform)
2026-08-23T19:15:09.373+05:30  INFO 2372 --- [Config-Server] [           main] l.i.e.c.ConfigServerApplication          : No active profile set, falling back to 1 default profile: "default"
2026-08-23T19:15:12.869+05:30  INFO 2372 --- [Config-Server] [           main] o.s.cloud.context.scope.GenericScope     : BeanFactory id=18e84985-69da-3af5-bd42-25b700a248f1
2026-08-23T19:15:13.943+05:30  INFO 2372 --- [Config-Server] [           main] o.s.boot.tomcat.TomcatWebServer          : Tomcat initialized with port 9000 (http)
2026-08-23T19:15:13.997+05:30  INFO 2372 --- [Config-Server] [           main] o.apache.catalina.core.StandardService   : Starting service [Tomcat]
2026-08-23T19:15:13.998+05:30  INFO 2372 --- [Config-Server] [           main] o.apache.catalina.core.StandardEngine    : Starting Servlet engine: [Apache Tomcat/11.0.22]
2026-08-23T19:15:14.079+05:30  INFO 2372 --- [Config-Server] [           main] b.w.c.s.WebApplicationContextInitializer : Root WebApplicationContext: initialization completed in 4536 ms
2026-08-23T19:15:17.542+05:30  INFO 2372 --- [Config-Server] [           main] o.s.b.a.e.web.EndpointLinksResolver      : Exposing 1 endpoint beneath base path '/actuator'
2026-08-23T19:15:17.699+05:30  WARN 2372 --- [Config-Server] [           main] ConfigServletWebServerApplicationContext : Exception encountered during context initialization - cancelling refresh attempt: org.springframework.context.ApplicationContextException: Failed to start bean 'webServerStartStop'
2026-08-23T19:15:17.756+05:30  INFO 2372 --- [Config-Server] [           main] .s.b.a.l.ConditionEvaluationReportLogger : 

Error starting ApplicationContext. To display the condition evaluation report re-run your application with 'debug' enabled.
2026-08-23T19:15:17.796+05:30 ERROR 2372 --- [Config-Server] [           main] o.s.b.d.LoggingFailureAnalysisReporter   : 

***************************
APPLICATION FAILED TO START
***************************

Description:

Web server failed to start. Port 9000 was already in use.

Action:

Identify and stop the process that's listening on port 9000 or configure this application to listen on another port.


  .   ____          _            __ _ _
 /\\ / ___'_ __ _ _(_)_ __  __ _ \ \ \ \
( ( )\___ | '_ | '_| | '_ \/ _` | \ \ \ \
 \\/  ___)| |_)| | | | | || (_| |  ) ) ) )
  '  |____| .__|_| |_|_| |_\__, | / / / /
 =========|_|==============|___/=/_/_/_/

 :: Spring Boot ::                (v4.1.0)

2026-08-23T19:15:20.667+05:30  INFO 18088 --- [Config-Server] [           main] l.i.e.c.ConfigServerApplication          : Starting ConfigServerApplication v1.0.0 using Java 25.0.4 with PID 18088 (D:\Ijse\4thSemester\project\platform\config-server\target\Config-Server-1.0.0.jar started by User in D:\Ijse\4thSemester\project\platform)
2026-08-23T19:15:20.679+05:30  INFO 18088 --- [Config-Server] [           main] l.i.e.c.ConfigServerApplication          : No active profile set, falling back to 1 default profile: "default"
2026-08-23T19:15:24.723+05:30  INFO 18088 --- [Config-Server] [           main] o.s.cloud.context.scope.GenericScope     : BeanFactory id=18e84985-69da-3af5-bd42-25b700a248f1
2026-08-23T19:15:25.400+05:30  INFO 18088 --- [Config-Server] [           main] o.s.boot.tomcat.TomcatWebServer          : Tomcat initialized with port 9000 (http)
2026-08-23T19:15:25.426+05:30  INFO 18088 --- [Config-Server] [           main] o.apache.catalina.core.StandardService   : Starting service [Tomcat]
2026-08-23T19:15:25.427+05:30  INFO 18088 --- [Config-Server] [           main] o.apache.catalina.core.StandardEngine    : Starting Servlet engine: [Apache Tomcat/11.0.22]
2026-08-23T19:15:25.484+05:30  INFO 18088 --- [Config-Server] [           main] b.w.c.s.WebApplicationContextInitializer : Root WebApplicationContext: initialization completed in 4633 ms
2026-08-23T19:15:27.758+05:30  INFO 18088 --- [Config-Server] [           main] o.s.b.a.e.web.EndpointLinksResolver      : Exposing 1 endpoint beneath base path '/actuator'
2026-08-23T19:15:27.870+05:30  WARN 18088 --- [Config-Server] [           main] ConfigServletWebServerApplicationContext : Exception encountered during context initialization - cancelling refresh attempt: org.springframework.context.ApplicationContextException: Failed to start bean 'webServerStartStop'
2026-08-23T19:15:27.913+05:30  INFO 18088 --- [Config-Server] [           main] .s.b.a.l.ConditionEvaluationReportLogger : 

Error starting ApplicationContext. To display the condition evaluation report re-run your application with 'debug' enabled.
2026-08-23T19:15:27.950+05:30 ERROR 18088 --- [Config-Server] [           main] o.s.b.d.LoggingFailureAnalysisReporter   : 

***************************
APPLICATION FAILED TO START
***************************

Description:

Web server failed to start. Port 9000 was already in use.

Action:

Identify and stop the process that's listening on port 9000 or configure this application to listen on another port.


  .   ____          _            __ _ _
 /\\ / ___'_ __ _ _(_)_ __  __ _ \ \ \ \
( ( )\___ | '_ | '_| | '_ \/ _` | \ \ \ \
 \\/  ___)| |_)| | | | | || (_| |  ) ) ) )
  '  |____| .__|_| |_|_| |_\__, | / / / /
 =========|_|==============|___/=/_/_/_/

 :: Spring Boot ::                (v4.1.0)

2026-08-23T19:15:29.842+05:30  INFO 18816 --- [Config-Server] [           main] l.i.e.c.ConfigServerApplication          : Starting ConfigServerApplication v1.0.0 using Java 25.0.4 with PID 18816 (D:\Ijse\4thSemester\project\platform\config-server\target\Config-Server-1.0.0.jar started by User in D:\Ijse\4thSemester\project\platform)
2026-08-23T19:15:29.848+05:30  INFO 18816 --- [Config-Server] [           main] l.i.e.c.ConfigServerApplication          : No active profile set, falling back to 1 default profile: "default"
2026-08-23T19:15:32.161+05:30  INFO 18816 --- [Config-Server] [           main] o.s.cloud.context.scope.GenericScope     : BeanFactory id=18e84985-69da-3af5-bd42-25b700a248f1
2026-08-23T19:15:32.808+05:30  INFO 18816 --- [Config-Server] [           main] o.s.boot.tomcat.TomcatWebServer          : Tomcat initialized with port 9000 (http)
2026-08-23T19:15:32.839+05:30  INFO 18816 --- [Config-Server] [           main] o.apache.catalina.core.StandardService   : Starting service [Tomcat]
2026-08-23T19:15:32.840+05:30  INFO 18816 --- [Config-Server] [           main] o.apache.catalina.core.StandardEngine    : Starting Servlet engine: [Apache Tomcat/11.0.22]
2026-08-23T19:15:32.903+05:30  INFO 18816 --- [Config-Server] [           main] b.w.c.s.WebApplicationContextInitializer : Root WebApplicationContext: initialization completed in 2966 ms
2026-08-23T19:15:35.245+05:30  INFO 18816 --- [Config-Server] [           main] o.s.b.a.e.web.EndpointLinksResolver      : Exposing 1 endpoint beneath base path '/actuator'
2026-08-23T19:15:35.346+05:30  WARN 18816 --- [Config-Server] [           main] ConfigServletWebServerApplicationContext : Exception encountered during context initialization - cancelling refresh attempt: org.springframework.context.ApplicationContextException: Failed to start bean 'webServerStartStop'
2026-08-23T19:15:35.388+05:30  INFO 18816 --- [Config-Server] [           main] .s.b.a.l.ConditionEvaluationReportLogger : 

Error starting ApplicationContext. To display the condition evaluation report re-run your application with 'debug' enabled.
2026-08-23T19:15:35.419+05:30 ERROR 18816 --- [Config-Server] [           main] o.s.b.d.LoggingFailureAnalysisReporter   : 

***************************
APPLICATION FAILED TO START
***************************

Description:

Web server failed to start. Port 9000 was already in use.

Action:

Identify and stop the process that's listening on port 9000 or configure this application to listen on another port.


  .   ____          _            __ _ _
 /\\ / ___'_ __ _ _(_)_ __  __ _ \ \ \ \
( ( )\___ | '_ | '_| | '_ \/ _` | \ \ \ \
 \\/  ___)| |_)| | | | | || (_| |  ) ) ) )
  '  |____| .__|_| |_|_| |_\__, | / / / /
 =========|_|==============|___/=/_/_/_/

 :: Spring Boot ::                (v4.1.0)

2026-08-23T19:15:37.205+05:30  INFO 18556 --- [Config-Server] [           main] l.i.e.c.ConfigServerApplication          : Starting ConfigServerApplication v1.0.0 using Java 25.0.4 with PID 18556 (D:\Ijse\4thSemester\project\platform\config-server\target\Config-Server-1.0.0.jar started by User in D:\Ijse\4thSemester\project\platform)
2026-08-23T19:15:37.211+05:30  INFO 18556 --- [Config-Server] [           main] l.i.e.c.ConfigServerApplication          : No active profile set, falling back to 1 default profile: "default"
2026-08-23T19:15:39.132+05:30  INFO 18556 --- [Config-Server] [           main] o.s.cloud.context.scope.GenericScope     : BeanFactory id=18e84985-69da-3af5-bd42-25b700a248f1
2026-08-23T19:15:39.793+05:30  INFO 18556 --- [Config-Server] [           main] o.s.boot.tomcat.TomcatWebServer          : Tomcat initialized with port 9000 (http)
2026-08-23T19:15:39.832+05:30  INFO 18556 --- [Config-Server] [           main] o.apache.catalina.core.StandardService   : Starting service [Tomcat]
2026-08-23T19:15:39.833+05:30  INFO 18556 --- [Config-Server] [           main] o.apache.catalina.core.StandardEngine    : Starting Servlet engine: [Apache Tomcat/11.0.22]
2026-08-23T19:15:39.908+05:30  INFO 18556 --- [Config-Server] [           main] b.w.c.s.WebApplicationContextInitializer : Root WebApplicationContext: initialization completed in 2611 ms
2026-08-23T19:15:42.495+05:30  INFO 18556 --- [Config-Server] [           main] o.s.b.a.e.web.EndpointLinksResolver      : Exposing 1 endpoint beneath base path '/actuator'
2026-08-23T19:15:42.621+05:30  WARN 18556 --- [Config-Server] [           main] ConfigServletWebServerApplicationContext : Exception encountered during context initialization - cancelling refresh attempt: org.springframework.context.ApplicationContextException: Failed to start bean 'webServerStartStop'
2026-08-23T19:15:42.663+05:30  INFO 18556 --- [Config-Server] [           main] .s.b.a.l.ConditionEvaluationReportLogger : 

Error starting ApplicationContext. To display the condition evaluation report re-run your application with 'debug' enabled.
2026-08-23T19:15:42.694+05:30 ERROR 18556 --- [Config-Server] [           main] o.s.b.d.LoggingFailureAnalysisReporter   : 

***************************
APPLICATION FAILED TO START
***************************

Description:

Web server failed to start. Port 9000 was already in use.

Action:

Identify and stop the process that's listening on port 9000 or configure this application to listen on another port.


  .   ____          _            __ _ _
 /\\ / ___'_ __ _ _(_)_ __  __ _ \ \ \ \
( ( )\___ | '_ | '_| | '_ \/ _` | \ \ \ \
 \\/  ___)| |_)| | | | | || (_| |  ) ) ) )
  '  |____| .__|_| |_|_| |_\__, | / / / /
 =========|_|==============|___/=/_/_/_/

 :: Spring Boot ::                (v4.1.0)

2026-08-23T19:15:44.592+05:30  INFO 13504 --- [Config-Server] [           main] l.i.e.c.ConfigServerApplication          : Starting ConfigServerApplication v1.0.0 using Java 25.0.4 with PID 13504 (D:\Ijse\4thSemester\project\platform\config-server\target\Config-Server-1.0.0.jar started by User in D:\Ijse\4thSemester\project\platform)
2026-08-23T19:15:44.597+05:30  INFO 13504 --- [Config-Server] [           main] l.i.e.c.ConfigServerApplication          : No active profile set, falling back to 1 default profile: "default"
2026-08-23T19:15:46.566+05:30  INFO 13504 --- [Config-Server] [           main] o.s.cloud.context.scope.GenericScope     : BeanFactory id=18e84985-69da-3af5-bd42-25b700a248f1
2026-08-23T19:15:47.269+05:30  INFO 13504 --- [Config-Server] [           main] o.s.boot.tomcat.TomcatWebServer          : Tomcat initialized with port 9000 (http)
2026-08-23T19:15:47.300+05:30  INFO 13504 --- [Config-Server] [           main] o.apache.catalina.core.StandardService   : Starting service [Tomcat]
2026-08-23T19:15:47.300+05:30  INFO 13504 --- [Config-Server] [           main] o.apache.catalina.core.StandardEngine    : Starting Servlet engine: [Apache Tomcat/11.0.22]
2026-08-23T19:15:47.366+05:30  INFO 13504 --- [Config-Server] [           main] b.w.c.s.WebApplicationContextInitializer : Root WebApplicationContext: initialization completed in 2682 ms
2026-08-23T19:15:51.627+05:30  INFO 13504 --- [Config-Server] [           main] o.s.b.a.e.web.EndpointLinksResolver      : Exposing 1 endpoint beneath base path '/actuator'
2026-08-23T19:15:51.841+05:30  WARN 13504 --- [Config-Server] [           main] ConfigServletWebServerApplicationContext : Exception encountered during context initialization - cancelling refresh attempt: org.springframework.context.ApplicationContextException: Failed to start bean 'webServerStartStop'
2026-08-23T19:15:51.905+05:30  INFO 13504 --- [Config-Server] [           main] .s.b.a.l.ConditionEvaluationReportLogger : 

Error starting ApplicationContext. To display the condition evaluation report re-run your application with 'debug' enabled.
2026-08-23T19:15:51.959+05:30 ERROR 13504 --- [Config-Server] [           main] o.s.b.d.LoggingFailureAnalysisReporter   : 

***************************
APPLICATION FAILED TO START
***************************

Description:

Web server failed to start. Port 9000 was already in use.

Action:

Identify and stop the process that's listening on port 9000 or configure this application to listen on another port.


  .   ____          _            __ _ _
 /\\ / ___'_ __ _ _(_)_ __  __ _ \ \ \ \
( ( )\___ | '_ | '_| | '_ \/ _` | \ \ \ \
 \\/  ___)| |_)| | | | | || (_| |  ) ) ) )
  '  |____| .__|_| |_|_| |_\__, | / / / /
 =========|_|==============|___/=/_/_/_/

 :: Spring Boot ::                (v4.1.0)

2026-08-23T19:15:59.790+05:30  INFO 18968 --- [Config-Server] [           main] l.i.e.c.ConfigServerApplication          : Starting ConfigServerApplication v1.0.0 using Java 25.0.4 with PID 18968 (D:\Ijse\4thSemester\project\platform\config-server\target\Config-Server-1.0.0.jar started by User in D:\Ijse\4thSemester\project\platform)
2026-08-23T19:15:59.809+05:30  INFO 18968 --- [Config-Server] [           main] l.i.e.c.ConfigServerApplication          : No active profile set, falling back to 1 default profile: "default"
2026-08-23T19:16:10.731+05:30  INFO 18968 --- [Config-Server] [           main] o.s.cloud.context.scope.GenericScope     : BeanFactory id=18e84985-69da-3af5-bd42-25b700a248f1
2026-08-23T19:16:13.793+05:30  INFO 18968 --- [Config-Server] [           main] o.s.boot.tomcat.TomcatWebServer          : Tomcat initialized with port 9000 (http)
2026-08-23T19:16:13.876+05:30  INFO 18968 --- [Config-Server] [           main] o.apache.catalina.core.StandardService   : Starting service [Tomcat]
2026-08-23T19:16:13.879+05:30  INFO 18968 --- [Config-Server] [           main] o.apache.catalina.core.StandardEngine    : Starting Servlet engine: [Apache Tomcat/11.0.22]
2026-08-23T19:16:14.070+05:30  INFO 18968 --- [Config-Server] [           main] b.w.c.s.WebApplicationContextInitializer : Root WebApplicationContext: initialization completed in 13415 ms
2026-08-23T19:16:21.473+05:30  INFO 18968 --- [Config-Server] [           main] o.s.b.a.e.web.EndpointLinksResolver      : Exposing 1 endpoint beneath base path '/actuator'
2026-08-23T19:16:21.924+05:30  WARN 18968 --- [Config-Server] [           main] ConfigServletWebServerApplicationContext : Exception encountered during context initialization - cancelling refresh attempt: org.springframework.context.ApplicationContextException: Failed to start bean 'webServerStartStop'
2026-08-23T19:16:22.071+05:30  INFO 18968 --- [Config-Server] [           main] .s.b.a.l.ConditionEvaluationReportLogger : 

Error starting ApplicationContext. To display the condition evaluation report re-run your application with 'debug' enabled.
2026-08-23T19:16:22.255+05:30 ERROR 18968 --- [Config-Server] [           main] o.s.b.d.LoggingFailureAnalysisReporter   : 

***************************
APPLICATION FAILED TO START
***************************

Description:

Web server failed to start. Port 9000 was already in use.

Action:

Identify and stop the process that's listening on port 9000 or configure this application to listen on another port.


  .   ____          _            __ _ _
 /\\ / ___'_ __ _ _(_)_ __  __ _ \ \ \ \
( ( )\___ | '_ | '_| | '_ \/ _` | \ \ \ \
 \\/  ___)| |_)| | | | | || (_| |  ) ) ) )
  '  |____| .__|_| |_|_| |_\__, | / / / /
 =========|_|==============|___/=/_/_/_/

 :: Spring Boot ::                (v4.1.0)

2026-08-23T19:16:30.033+05:30  INFO 17272 --- [Config-Server] [           main] l.i.e.c.ConfigServerApplication          : Starting ConfigServerApplication v1.0.0 using Java 25.0.4 with PID 17272 (D:\Ijse\4thSemester\project\platform\config-server\target\Config-Server-1.0.0.jar started by User in D:\Ijse\4thSemester\project\platform)
2026-08-23T19:16:30.054+05:30  INFO 17272 --- [Config-Server] [           main] l.i.e.c.ConfigServerApplication          : No active profile set, falling back to 1 default profile: "default"
2026-08-23T19:16:36.823+05:30  INFO 17272 --- [Config-Server] [           main] o.s.cloud.context.scope.GenericScope     : BeanFactory id=18e84985-69da-3af5-bd42-25b700a248f1
2026-08-23T19:16:38.550+05:30  INFO 17272 --- [Config-Server] [           main] o.s.boot.tomcat.TomcatWebServer          : Tomcat initialized with port 9000 (http)
2026-08-23T19:16:38.649+05:30  INFO 17272 --- [Config-Server] [           main] o.apache.catalina.core.StandardService   : Starting service [Tomcat]
2026-08-23T19:16:38.651+05:30  INFO 17272 --- [Config-Server] [           main] o.apache.catalina.core.StandardEngine    : Starting Servlet engine: [Apache Tomcat/11.0.22]
2026-08-23T19:16:38.832+05:30  INFO 17272 --- [Config-Server] [           main] b.w.c.s.WebApplicationContextInitializer : Root WebApplicationContext: initialization completed in 8338 ms
2026-08-23T19:16:46.732+05:30  INFO 17272 --- [Config-Server] [           main] o.s.b.a.e.web.EndpointLinksResolver      : Exposing 1 endpoint beneath base path '/actuator'
2026-08-23T19:16:46.989+05:30  WARN 17272 --- [Config-Server] [           main] ConfigServletWebServerApplicationContext : Exception encountered during context initialization - cancelling refresh attempt: org.springframework.context.ApplicationContextException: Failed to start bean 'webServerStartStop'
2026-08-23T19:16:47.076+05:30  INFO 17272 --- [Config-Server] [           main] .s.b.a.l.ConditionEvaluationReportLogger : 

Error starting ApplicationContext. To display the condition evaluation report re-run your application with 'debug' enabled.
2026-08-23T19:16:47.156+05:30 ERROR 17272 --- [Config-Server] [           main] o.s.b.d.LoggingFailureAnalysisReporter   : 

***************************
APPLICATION FAILED TO START
***************************

Description:

Web server failed to start. Port 9000 was already in use.

Action:

Identify and stop the process that's listening on port 9000 or configure this application to listen on another port.


  .   ____          _            __ _ _
 /\\ / ___'_ __ _ _(_)_ __  __ _ \ \ \ \
( ( )\___ | '_ | '_| | '_ \/ _` | \ \ \ \
 \\/  ___)| |_)| | | | | || (_| |  ) ) ) )
  '  |____| .__|_| |_|_| |_\__, | / / / /
 =========|_|==============|___/=/_/_/_/

 :: Spring Boot ::                (v4.1.0)

2026-08-23T19:16:50.005+05:30  INFO 8292 --- [Config-Server] [           main] l.i.e.c.ConfigServerApplication          : Starting ConfigServerApplication v1.0.0 using Java 25.0.4 with PID 8292 (D:\Ijse\4thSemester\project\platform\config-server\target\Config-Server-1.0.0.jar started by User in D:\Ijse\4thSemester\project\platform)
2026-08-23T19:16:50.013+05:30  INFO 8292 --- [Config-Server] [           main] l.i.e.c.ConfigServerApplication          : No active profile set, falling back to 1 default profile: "default"
2026-08-23T19:16:53.316+05:30  INFO 8292 --- [Config-Server] [           main] o.s.cloud.context.scope.GenericScope     : BeanFactory id=18e84985-69da-3af5-bd42-25b700a248f1
2026-08-23T19:16:54.403+05:30  INFO 8292 --- [Config-Server] [           main] o.s.boot.tomcat.TomcatWebServer          : Tomcat initialized with port 9000 (http)
2026-08-23T19:16:54.442+05:30  INFO 8292 --- [Config-Server] [           main] o.apache.catalina.core.StandardService   : Starting service [Tomcat]
2026-08-23T19:16:54.443+05:30  INFO 8292 --- [Config-Server] [           main] o.apache.catalina.core.StandardEngine    : Starting Servlet engine: [Apache Tomcat/11.0.22]
2026-08-23T19:16:54.520+05:30  INFO 8292 --- [Config-Server] [           main] b.w.c.s.WebApplicationContextInitializer : Root WebApplicationContext: initialization completed in 4367 ms
2026-08-23T19:16:57.512+05:30  INFO 8292 --- [Config-Server] [           main] o.s.b.a.e.web.EndpointLinksResolver      : Exposing 1 endpoint beneath base path '/actuator'
2026-08-23T19:16:57.655+05:30  WARN 8292 --- [Config-Server] [           main] ConfigServletWebServerApplicationContext : Exception encountered during context initialization - cancelling refresh attempt: org.springframework.context.ApplicationContextException: Failed to start bean 'webServerStartStop'
2026-08-23T19:16:57.707+05:30  INFO 8292 --- [Config-Server] [           main] .s.b.a.l.ConditionEvaluationReportLogger : 

Error starting ApplicationContext. To display the condition evaluation report re-run your application with 'debug' enabled.
2026-08-23T19:16:57.758+05:30 ERROR 8292 --- [Config-Server] [           main] o.s.b.d.LoggingFailureAnalysisReporter   : 

***************************
APPLICATION FAILED TO START
***************************

Description:

Web server failed to start. Port 9000 was already in use.

Action:

Identify and stop the process that's listening on port 9000 or configure this application to listen on another port.


  .   ____          _            __ _ _
 /\\ / ___'_ __ _ _(_)_ __  __ _ \ \ \ \
( ( )\___ | '_ | '_| | '_ \/ _` | \ \ \ \
 \\/  ___)| |_)| | | | | || (_| |  ) ) ) )
  '  |____| .__|_| |_|_| |_\__, | / / / /
 =========|_|==============|___/=/_/_/_/

 :: Spring Boot ::                (v4.1.0)

2026-08-23T19:16:59.567+05:30  INFO 17812 --- [Config-Server] [           main] l.i.e.c.ConfigServerApplication          : Starting ConfigServerApplication v1.0.0 using Java 25.0.4 with PID 17812 (D:\Ijse\4thSemester\project\platform\config-server\target\Config-Server-1.0.0.jar started by User in D:\Ijse\4thSemester\project\platform)
2026-08-23T19:16:59.572+05:30  INFO 17812 --- [Config-Server] [           main] l.i.e.c.ConfigServerApplication          : No active profile set, falling back to 1 default profile: "default"
2026-08-23T19:17:02.535+05:30  INFO 17812 --- [Config-Server] [           main] o.s.cloud.context.scope.GenericScope     : BeanFactory id=18e84985-69da-3af5-bd42-25b700a248f1
2026-08-23T19:17:03.328+05:30  INFO 17812 --- [Config-Server] [           main] o.s.boot.tomcat.TomcatWebServer          : Tomcat initialized with port 9000 (http)
2026-08-23T19:17:03.360+05:30  INFO 17812 --- [Config-Server] [           main] o.apache.catalina.core.StandardService   : Starting service [Tomcat]
2026-08-23T19:17:03.361+05:30  INFO 17812 --- [Config-Server] [           main] o.apache.catalina.core.StandardEngine    : Starting Servlet engine: [Apache Tomcat/11.0.22]
2026-08-23T19:17:03.429+05:30  INFO 17812 --- [Config-Server] [           main] b.w.c.s.WebApplicationContextInitializer : Root WebApplicationContext: initialization completed in 3755 ms
2026-08-23T19:17:06.223+05:30  INFO 17812 --- [Config-Server] [           main] o.s.b.a.e.web.EndpointLinksResolver      : Exposing 1 endpoint beneath base path '/actuator'
2026-08-23T19:17:06.352+05:30  WARN 17812 --- [Config-Server] [           main] ConfigServletWebServerApplicationContext : Exception encountered during context initialization - cancelling refresh attempt: org.springframework.context.ApplicationContextException: Failed to start bean 'webServerStartStop'
2026-08-23T19:17:06.393+05:30  INFO 17812 --- [Config-Server] [           main] .s.b.a.l.ConditionEvaluationReportLogger : 

Error starting ApplicationContext. To display the condition evaluation report re-run your application with 'debug' enabled.
2026-08-23T19:17:06.431+05:30 ERROR 17812 --- [Config-Server] [           main] o.s.b.d.LoggingFailureAnalysisReporter   : 

***************************
APPLICATION FAILED TO START
***************************

Description:

Web server failed to start. Port 9000 was already in use.

Action:

Identify and stop the process that's listening on port 9000 or configure this application to listen on another port.


  .   ____          _            __ _ _
 /\\ / ___'_ __ _ _(_)_ __  __ _ \ \ \ \
( ( )\___ | '_ | '_| | '_ \/ _` | \ \ \ \
 \\/  ___)| |_)| | | | | || (_| |  ) ) ) )
  '  |____| .__|_| |_|_| |_\__, | / / / /
 =========|_|==============|___/=/_/_/_/

 :: Spring Boot ::                (v4.1.0)

2026-08-23T19:17:07.969+05:30  INFO 17652 --- [Config-Server] [           main] l.i.e.c.ConfigServerApplication          : Starting ConfigServerApplication v1.0.0 using Java 25.0.4 with PID 17652 (D:\Ijse\4thSemester\project\platform\config-server\target\Config-Server-1.0.0.jar started by User in D:\Ijse\4thSemester\project\platform)
2026-08-23T19:17:07.975+05:30  INFO 17652 --- [Config-Server] [           main] l.i.e.c.ConfigServerApplication          : No active profile set, falling back to 1 default profile: "default"
2026-08-23T19:17:10.508+05:30  INFO 17652 --- [Config-Server] [           main] o.s.cloud.context.scope.GenericScope     : BeanFactory id=18e84985-69da-3af5-bd42-25b700a248f1
2026-08-23T19:17:12.178+05:30  INFO 17652 --- [Config-Server] [           main] o.s.boot.tomcat.TomcatWebServer          : Tomcat initialized with port 9000 (http)
2026-08-23T19:17:12.242+05:30  INFO 17652 --- [Config-Server] [           main] o.apache.catalina.core.StandardService   : Starting service [Tomcat]
2026-08-23T19:17:12.243+05:30  INFO 17652 --- [Config-Server] [           main] o.apache.catalina.core.StandardEngine    : Starting Servlet engine: [Apache Tomcat/11.0.22]
2026-08-23T19:17:12.375+05:30  INFO 17652 --- [Config-Server] [           main] b.w.c.s.WebApplicationContextInitializer : Root WebApplicationContext: initialization completed in 4303 ms
2026-08-23T19:17:18.207+05:30  INFO 17652 --- [Config-Server] [           main] o.s.b.a.e.web.EndpointLinksResolver      : Exposing 1 endpoint beneath base path '/actuator'
2026-08-23T19:17:18.384+05:30  WARN 17652 --- [Config-Server] [           main] ConfigServletWebServerApplicationContext : Exception encountered during context initialization - cancelling refresh attempt: org.springframework.context.ApplicationContextException: Failed to start bean 'webServerStartStop'
2026-08-23T19:17:18.465+05:30  INFO 17652 --- [Config-Server] [           main] .s.b.a.l.ConditionEvaluationReportLogger : 

Error starting ApplicationContext. To display the condition evaluation report re-run your application with 'debug' enabled.
2026-08-23T19:17:18.548+05:30 ERROR 17652 --- [Config-Server] [           main] o.s.b.d.LoggingFailureAnalysisReporter   : 

***************************
APPLICATION FAILED TO START
***************************

Description:

Web server failed to start. Port 9000 was already in use.

Action:

Identify and stop the process that's listening on port 9000 or configure this application to listen on another port.


  .   ____          _            __ _ _
 /\\ / ___'_ __ _ _(_)_ __  __ _ \ \ \ \
( ( )\___ | '_ | '_| | '_ \/ _` | \ \ \ \
 \\/  ___)| |_)| | | | | || (_| |  ) ) ) )
  '  |____| .__|_| |_|_| |_\__, | / / / /
 =========|_|==============|___/=/_/_/_/

 :: Spring Boot ::                (v4.1.0)

2026-08-23T19:17:24.652+05:30  INFO 5932 --- [Config-Server] [           main] l.i.e.c.ConfigServerApplication          : Starting ConfigServerApplication v1.0.0 using Java 25.0.4 with PID 5932 (D:\Ijse\4thSemester\project\platform\config-server\target\Config-Server-1.0.0.jar started by User in D:\Ijse\4thSemester\project\platform)
2026-08-23T19:17:24.666+05:30  INFO 5932 --- [Config-Server] [           main] l.i.e.c.ConfigServerApplication          : No active profile set, falling back to 1 default profile: "default"
2026-08-23T19:17:33.025+05:30  INFO 5932 --- [Config-Server] [           main] o.s.cloud.context.scope.GenericScope     : BeanFactory id=18e84985-69da-3af5-bd42-25b700a248f1
2026-08-23T19:17:35.953+05:30  INFO 5932 --- [Config-Server] [           main] o.s.boot.tomcat.TomcatWebServer          : Tomcat initialized with port 9000 (http)
2026-08-23T19:17:36.041+05:30  INFO 5932 --- [Config-Server] [           main] o.apache.catalina.core.StandardService   : Starting service [Tomcat]
2026-08-23T19:17:36.043+05:30  INFO 5932 --- [Config-Server] [           main] o.apache.catalina.core.StandardEngine    : Starting Servlet engine: [Apache Tomcat/11.0.22]
2026-08-23T19:17:36.215+05:30  INFO 5932 --- [Config-Server] [           main] b.w.c.s.WebApplicationContextInitializer : Root WebApplicationContext: initialization completed in 11176 ms
2026-08-23T19:17:43.215+05:30  INFO 5932 --- [Config-Server] [           main] o.s.b.a.e.web.EndpointLinksResolver      : Exposing 1 endpoint beneath base path '/actuator'
2026-08-23T19:17:43.821+05:30  WARN 5932 --- [Config-Server] [           main] ConfigServletWebServerApplicationContext : Exception encountered during context initialization - cancelling refresh attempt: org.springframework.context.ApplicationContextException: Failed to start bean 'webServerStartStop'
2026-08-23T19:17:43.942+05:30  INFO 5932 --- [Config-Server] [           main] .s.b.a.l.ConditionEvaluationReportLogger : 

Error starting ApplicationContext. To display the condition evaluation report re-run your application with 'debug' enabled.
2026-08-23T19:17:44.046+05:30 ERROR 5932 --- [Config-Server] [           main] o.s.b.d.LoggingFailureAnalysisReporter   : 

***************************
APPLICATION FAILED TO START
***************************

Description:

Web server failed to start. Port 9000 was already in use.

Action:

Identify and stop the process that's listening on port 9000 or configure this application to listen on another port.


  .   ____          _            __ _ _
 /\\ / ___'_ __ _ _(_)_ __  __ _ \ \ \ \
( ( )\___ | '_ | '_| | '_ \/ _` | \ \ \ \
 \\/  ___)| |_)| | | | | || (_| |  ) ) ) )
  '  |____| .__|_| |_|_| |_\__, | / / / /
 =========|_|==============|___/=/_/_/_/

 :: Spring Boot ::                (v4.1.0)

2026-08-23T19:17:57.480+05:30  INFO 14220 --- [Config-Server] [           main] l.i.e.c.ConfigServerApplication          : Starting ConfigServerApplication v1.0.0 using Java 25.0.4 with PID 14220 (D:\Ijse\4thSemester\project\platform\config-server\target\Config-Server-1.0.0.jar started by User in D:\Ijse\4thSemester\project\platform)
2026-08-23T19:17:57.677+05:30  INFO 14220 --- [Config-Server] [           main] l.i.e.c.ConfigServerApplication          : No active profile set, falling back to 1 default profile: "default"
2026-08-23T19:18:11.401+05:30  INFO 14220 --- [Config-Server] [           main] o.s.cloud.context.scope.GenericScope     : BeanFactory id=18e84985-69da-3af5-bd42-25b700a248f1
2026-08-23T19:18:14.774+05:30  INFO 14220 --- [Config-Server] [           main] o.s.boot.tomcat.TomcatWebServer          : Tomcat initialized with port 9000 (http)
2026-08-23T19:18:14.890+05:30  INFO 14220 --- [Config-Server] [           main] o.apache.catalina.core.StandardService   : Starting service [Tomcat]
2026-08-23T19:18:14.893+05:30  INFO 14220 --- [Config-Server] [           main] o.apache.catalina.core.StandardEngine    : Starting Servlet engine: [Apache Tomcat/11.0.22]
2026-08-23T19:18:15.174+05:30  INFO 14220 --- [Config-Server] [           main] b.w.c.s.WebApplicationContextInitializer : Root WebApplicationContext: initialization completed in 16231 ms
2026-08-23T19:18:25.565+05:30  INFO 14220 --- [Config-Server] [           main] o.s.b.a.e.web.EndpointLinksResolver      : Exposing 1 endpoint beneath base path '/actuator'
2026-08-23T19:18:25.949+05:30  WARN 14220 --- [Config-Server] [           main] ConfigServletWebServerApplicationContext : Exception encountered during context initialization - cancelling refresh attempt: org.springframework.context.ApplicationContextException: Failed to start bean 'webServerStartStop'
2026-08-23T19:18:26.087+05:30  INFO 14220 --- [Config-Server] [           main] .s.b.a.l.ConditionEvaluationReportLogger : 

Error starting ApplicationContext. To display the condition evaluation report re-run your application with 'debug' enabled.
2026-08-23T19:18:26.206+05:30 ERROR 14220 --- [Config-Server] [           main] o.s.b.d.LoggingFailureAnalysisReporter   : 

***************************
APPLICATION FAILED TO START
***************************

Description:

Web server failed to start. Port 9000 was already in use.

Action:

Identify and stop the process that's listening on port 9000 or configure this application to listen on another port.


  .   ____          _            __ _ _
 /\\ / ___'_ __ _ _(_)_ __  __ _ \ \ \ \
( ( )\___ | '_ | '_| | '_ \/ _` | \ \ \ \
 \\/  ___)| |_)| | | | | || (_| |  ) ) ) )
  '  |____| .__|_| |_|_| |_\__, | / / / /
 =========|_|==============|___/=/_/_/_/

 :: Spring Boot ::                (v4.1.0)

2026-08-23T19:18:30.861+05:30  INFO 16364 --- [Config-Server] [           main] l.i.e.c.ConfigServerApplication          : Starting ConfigServerApplication v1.0.0 using Java 25.0.4 with PID 16364 (D:\Ijse\4thSemester\project\platform\config-server\target\Config-Server-1.0.0.jar started by User in D:\Ijse\4thSemester\project\platform)
2026-08-23T19:18:30.875+05:30  INFO 16364 --- [Config-Server] [           main] l.i.e.c.ConfigServerApplication          : No active profile set, falling back to 1 default profile: "default"
2026-08-23T19:18:37.085+05:30  INFO 16364 --- [Config-Server] [           main] o.s.cloud.context.scope.GenericScope     : BeanFactory id=18e84985-69da-3af5-bd42-25b700a248f1
2026-08-23T19:18:38.496+05:30  INFO 16364 --- [Config-Server] [           main] o.s.boot.tomcat.TomcatWebServer          : Tomcat initialized with port 9000 (http)
2026-08-23T19:18:38.587+05:30  INFO 16364 --- [Config-Server] [           main] o.apache.catalina.core.StandardService   : Starting service [Tomcat]
2026-08-23T19:18:38.589+05:30  INFO 16364 --- [Config-Server] [           main] o.apache.catalina.core.StandardEngine    : Starting Servlet engine: [Apache Tomcat/11.0.22]
2026-08-23T19:18:38.720+05:30  INFO 16364 --- [Config-Server] [           main] b.w.c.s.WebApplicationContextInitializer : Root WebApplicationContext: initialization completed in 7544 ms
2026-08-23T19:18:44.783+05:30  INFO 16364 --- [Config-Server] [           main] o.s.b.a.e.web.EndpointLinksResolver      : Exposing 1 endpoint beneath base path '/actuator'
2026-08-23T19:18:45.093+05:30  WARN 16364 --- [Config-Server] [           main] ConfigServletWebServerApplicationContext : Exception encountered during context initialization - cancelling refresh attempt: org.springframework.context.ApplicationContextException: Failed to start bean 'webServerStartStop'
2026-08-23T19:18:45.180+05:30  INFO 16364 --- [Config-Server] [           main] .s.b.a.l.ConditionEvaluationReportLogger : 

Error starting ApplicationContext. To display the condition evaluation report re-run your application with 'debug' enabled.
2026-08-23T19:18:45.262+05:30 ERROR 16364 --- [Config-Server] [           main] o.s.b.d.LoggingFailureAnalysisReporter   : 

***************************
APPLICATION FAILED TO START
***************************

Description:

Web server failed to start. Port 9000 was already in use.

Action:

Identify and stop the process that's listening on port 9000 or configure this application to listen on another port.


  .   ____          _            __ _ _
 /\\ / ___'_ __ _ _(_)_ __  __ _ \ \ \ \
( ( )\___ | '_ | '_| | '_ \/ _` | \ \ \ \
 \\/  ___)| |_)| | | | | || (_| |  ) ) ) )
  '  |____| .__|_| |_|_| |_\__, | / / / /
 =========|_|==============|___/=/_/_/_/

 :: Spring Boot ::                (v4.1.0)

2026-08-23T19:18:51.851+05:30  INFO 4076 --- [Config-Server] [           main] l.i.e.c.ConfigServerApplication          : Starting ConfigServerApplication v1.0.0 using Java 25.0.4 with PID 4076 (D:\Ijse\4thSemester\project\platform\config-server\target\Config-Server-1.0.0.jar started by User in D:\Ijse\4thSemester\project\platform)
2026-08-23T19:18:51.871+05:30  INFO 4076 --- [Config-Server] [           main] l.i.e.c.ConfigServerApplication          : No active profile set, falling back to 1 default profile: "default"
2026-08-23T19:18:57.383+05:30  INFO 4076 --- [Config-Server] [           main] o.s.cloud.context.scope.GenericScope     : BeanFactory id=18e84985-69da-3af5-bd42-25b700a248f1
2026-08-23T19:18:58.649+05:30  INFO 4076 --- [Config-Server] [           main] o.s.boot.tomcat.TomcatWebServer          : Tomcat initialized with port 9000 (http)
2026-08-23T19:18:58.704+05:30  INFO 4076 --- [Config-Server] [           main] o.apache.catalina.core.StandardService   : Starting service [Tomcat]
2026-08-23T19:18:58.705+05:30  INFO 4076 --- [Config-Server] [           main] o.apache.catalina.core.StandardEngine    : Starting Servlet engine: [Apache Tomcat/11.0.22]
2026-08-23T19:18:58.812+05:30  INFO 4076 --- [Config-Server] [           main] b.w.c.s.WebApplicationContextInitializer : Root WebApplicationContext: initialization completed in 6485 ms
2026-08-23T19:19:03.977+05:30  INFO 4076 --- [Config-Server] [           main] o.s.b.a.e.web.EndpointLinksResolver      : Exposing 1 endpoint beneath base path '/actuator'
2026-08-23T19:19:04.262+05:30  WARN 4076 --- [Config-Server] [           main] ConfigServletWebServerApplicationContext : Exception encountered during context initialization - cancelling refresh attempt: org.springframework.context.ApplicationContextException: Failed to start bean 'webServerStartStop'
2026-08-23T19:19:04.372+05:30  INFO 4076 --- [Config-Server] [           main] .s.b.a.l.ConditionEvaluationReportLogger : 

Error starting ApplicationContext. To display the condition evaluation report re-run your application with 'debug' enabled.
2026-08-23T19:19:04.481+05:30 ERROR 4076 --- [Config-Server] [           main] o.s.b.d.LoggingFailureAnalysisReporter   : 

***************************
APPLICATION FAILED TO START
***************************

Description:

Web server failed to start. Port 9000 was already in use.

Action:

Identify and stop the process that's listening on port 9000 or configure this application to listen on another port.


  .   ____          _            __ _ _
 /\\ / ___'_ __ _ _(_)_ __  __ _ \ \ \ \
( ( )\___ | '_ | '_| | '_ \/ _` | \ \ \ \
 \\/  ___)| |_)| | | | | || (_| |  ) ) ) )
  '  |____| .__|_| |_|_| |_\__, | / / / /
 =========|_|==============|___/=/_/_/_/

 :: Spring Boot ::                (v4.1.0)

2026-08-23T19:19:10.434+05:30  INFO 9588 --- [Config-Server] [           main] l.i.e.c.ConfigServerApplication          : Starting ConfigServerApplication v1.0.0 using Java 25.0.4 with PID 9588 (D:\Ijse\4thSemester\project\platform\config-server\target\Config-Server-1.0.0.jar started by User in D:\Ijse\4thSemester\project\platform)
2026-08-23T19:19:10.453+05:30  INFO 9588 --- [Config-Server] [           main] l.i.e.c.ConfigServerApplication          : No active profile set, falling back to 1 default profile: "default"
2026-08-23T19:19:16.080+05:30  INFO 9588 --- [Config-Server] [           main] o.s.cloud.context.scope.GenericScope     : BeanFactory id=18e84985-69da-3af5-bd42-25b700a248f1
2026-08-23T19:19:17.359+05:30  INFO 9588 --- [Config-Server] [           main] o.s.boot.tomcat.TomcatWebServer          : Tomcat initialized with port 9000 (http)
2026-08-23T19:19:17.406+05:30  INFO 9588 --- [Config-Server] [           main] o.apache.catalina.core.StandardService   : Starting service [Tomcat]
2026-08-23T19:19:17.408+05:30  INFO 9588 --- [Config-Server] [           main] o.apache.catalina.core.StandardEngine    : Starting Servlet engine: [Apache Tomcat/11.0.22]
2026-08-23T19:19:17.506+05:30  INFO 9588 --- [Config-Server] [           main] b.w.c.s.WebApplicationContextInitializer : Root WebApplicationContext: initialization completed in 6788 ms
2026-08-23T19:19:25.212+05:30  INFO 9588 --- [Config-Server] [           main] o.s.b.a.e.web.EndpointLinksResolver      : Exposing 1 endpoint beneath base path '/actuator'
2026-08-23T19:19:25.575+05:30  WARN 9588 --- [Config-Server] [           main] ConfigServletWebServerApplicationContext : Exception encountered during context initialization - cancelling refresh attempt: org.springframework.context.ApplicationContextException: Failed to start bean 'webServerStartStop'
2026-08-23T19:19:25.667+05:30  INFO 9588 --- [Config-Server] [           main] .s.b.a.l.ConditionEvaluationReportLogger : 

Error starting ApplicationContext. To display the condition evaluation report re-run your application with 'debug' enabled.
2026-08-23T19:19:25.745+05:30 ERROR 9588 --- [Config-Server] [           main] o.s.b.d.LoggingFailureAnalysisReporter   : 

***************************
APPLICATION FAILED TO START
***************************

Description:

Web server failed to start. Port 9000 was already in use.

Action:

Identify and stop the process that's listening on port 9000 or configure this application to listen on another port.


  .   ____          _            __ _ _
 /\\ / ___'_ __ _ _(_)_ __  __ _ \ \ \ \
( ( )\___ | '_ | '_| | '_ \/ _` | \ \ \ \
 \\/  ___)| |_)| | | | | || (_| |  ) ) ) )
  '  |____| .__|_| |_|_| |_\__, | / / / /
 =========|_|==============|___/=/_/_/_/

 :: Spring Boot ::                (v4.1.0)

2026-08-23T19:19:29.201+05:30  INFO 9292 --- [Config-Server] [           main] l.i.e.c.ConfigServerApplication          : Starting ConfigServerApplication v1.0.0 using Java 25.0.4 with PID 9292 (D:\Ijse\4thSemester\project\platform\config-server\target\Config-Server-1.0.0.jar started by User in D:\Ijse\4thSemester\project\platform)
2026-08-23T19:19:29.211+05:30  INFO 9292 --- [Config-Server] [           main] l.i.e.c.ConfigServerApplication          : No active profile set, falling back to 1 default profile: "default"
2026-08-23T19:19:32.682+05:30  INFO 9292 --- [Config-Server] [           main] o.s.cloud.context.scope.GenericScope     : BeanFactory id=18e84985-69da-3af5-bd42-25b700a248f1
2026-08-23T19:19:33.457+05:30  INFO 9292 --- [Config-Server] [           main] o.s.boot.tomcat.TomcatWebServer          : Tomcat initialized with port 9000 (http)
2026-08-23T19:19:33.494+05:30  INFO 9292 --- [Config-Server] [           main] o.apache.catalina.core.StandardService   : Starting service [Tomcat]
2026-08-23T19:19:33.495+05:30  INFO 9292 --- [Config-Server] [           main] o.apache.catalina.core.StandardEngine    : Starting Servlet engine: [Apache Tomcat/11.0.22]
2026-08-23T19:19:33.565+05:30  INFO 9292 --- [Config-Server] [           main] b.w.c.s.WebApplicationContextInitializer : Root WebApplicationContext: initialization completed in 4167 ms
2026-08-23T19:19:37.999+05:30  INFO 9292 --- [Config-Server] [           main] o.s.b.a.e.web.EndpointLinksResolver      : Exposing 1 endpoint beneath base path '/actuator'
2026-08-23T19:19:38.221+05:30  WARN 9292 --- [Config-Server] [           main] ConfigServletWebServerApplicationContext : Exception encountered during context initialization - cancelling refresh attempt: org.springframework.context.ApplicationContextException: Failed to start bean 'webServerStartStop'
2026-08-23T19:19:38.275+05:30  INFO 9292 --- [Config-Server] [           main] .s.b.a.l.ConditionEvaluationReportLogger : 

Error starting ApplicationContext. To display the condition evaluation report re-run your application with 'debug' enabled.
2026-08-23T19:19:38.319+05:30 ERROR 9292 --- [Config-Server] [           main] o.s.b.d.LoggingFailureAnalysisReporter   : 

***************************
APPLICATION FAILED TO START
***************************

Description:

Web server failed to start. Port 9000 was already in use.

Action:

Identify and stop the process that's listening on port 9000 or configure this application to listen on another port.


  .   ____          _            __ _ _
 /\\ / ___'_ __ _ _(_)_ __  __ _ \ \ \ \
( ( )\___ | '_ | '_| | '_ \/ _` | \ \ \ \
 \\/  ___)| |_)| | | | | || (_| |  ) ) ) )
  '  |____| .__|_| |_|_| |_\__, | / / / /
 =========|_|==============|___/=/_/_/_/

 :: Spring Boot ::                (v4.1.0)

2026-08-23T19:19:40.948+05:30  INFO 11504 --- [Config-Server] [           main] l.i.e.c.ConfigServerApplication          : Starting ConfigServerApplication v1.0.0 using Java 25.0.4 with PID 11504 (D:\Ijse\4thSemester\project\platform\config-server\target\Config-Server-1.0.0.jar started by User in D:\Ijse\4thSemester\project\platform)
2026-08-23T19:19:40.956+05:30  INFO 11504 --- [Config-Server] [           main] l.i.e.c.ConfigServerApplication          : No active profile set, falling back to 1 default profile: "default"
2026-08-23T19:19:44.365+05:30  INFO 11504 --- [Config-Server] [           main] o.s.cloud.context.scope.GenericScope     : BeanFactory id=18e84985-69da-3af5-bd42-25b700a248f1
2026-08-23T19:19:45.405+05:30  INFO 11504 --- [Config-Server] [           main] o.s.boot.tomcat.TomcatWebServer          : Tomcat initialized with port 9000 (http)
2026-08-23T19:19:45.440+05:30  INFO 11504 --- [Config-Server] [           main] o.apache.catalina.core.StandardService   : Starting service [Tomcat]
2026-08-23T19:19:45.442+05:30  INFO 11504 --- [Config-Server] [           main] o.apache.catalina.core.StandardEngine    : Starting Servlet engine: [Apache Tomcat/11.0.22]
2026-08-23T19:19:45.519+05:30  INFO 11504 --- [Config-Server] [           main] b.w.c.s.WebApplicationContextInitializer : Root WebApplicationContext: initialization completed in 4385 ms
2026-08-23T19:19:50.292+05:30  INFO 11504 --- [Config-Server] [           main] o.s.b.a.e.web.EndpointLinksResolver      : Exposing 1 endpoint beneath base path '/actuator'
2026-08-23T19:19:50.612+05:30  WARN 11504 --- [Config-Server] [           main] ConfigServletWebServerApplicationContext : Exception encountered during context initialization - cancelling refresh attempt: org.springframework.context.ApplicationContextException: Failed to start bean 'webServerStartStop'
2026-08-23T19:19:50.707+05:30  INFO 11504 --- [Config-Server] [           main] .s.b.a.l.ConditionEvaluationReportLogger : 

Error starting ApplicationContext. To display the condition evaluation report re-run your application with 'debug' enabled.
2026-08-23T19:19:50.774+05:30 ERROR 11504 --- [Config-Server] [           main] o.s.b.d.LoggingFailureAnalysisReporter   : 

***************************
APPLICATION FAILED TO START
***************************

Description:

Web server failed to start. Port 9000 was already in use.

Action:

Identify and stop the process that's listening on port 9000 or configure this application to listen on another port.


  .   ____          _            __ _ _
 /\\ / ___'_ __ _ _(_)_ __  __ _ \ \ \ \
( ( )\___ | '_ | '_| | '_ \/ _` | \ \ \ \
 \\/  ___)| |_)| | | | | || (_| |  ) ) ) )
  '  |____| .__|_| |_|_| |_\__, | / / / /
 =========|_|==============|___/=/_/_/_/

 :: Spring Boot ::                (v4.1.0)

2026-08-23T19:19:55.727+05:30  INFO 11432 --- [Config-Server] [           main] l.i.e.c.ConfigServerApplication          : Starting ConfigServerApplication v1.0.0 using Java 25.0.4 with PID 11432 (D:\Ijse\4thSemester\project\platform\config-server\target\Config-Server-1.0.0.jar started by User in D:\Ijse\4thSemester\project\platform)
2026-08-23T19:19:55.742+05:30  INFO 11432 --- [Config-Server] [           main] l.i.e.c.ConfigServerApplication          : No active profile set, falling back to 1 default profile: "default"
2026-08-23T19:20:00.811+05:30  INFO 11432 --- [Config-Server] [           main] o.s.cloud.context.scope.GenericScope     : BeanFactory id=18e84985-69da-3af5-bd42-25b700a248f1
2026-08-23T19:20:03.760+05:30  INFO 11432 --- [Config-Server] [           main] o.s.boot.tomcat.TomcatWebServer          : Tomcat initialized with port 9000 (http)
2026-08-23T19:20:03.893+05:30  INFO 11432 --- [Config-Server] [           main] o.apache.catalina.core.StandardService   : Starting service [Tomcat]
2026-08-23T19:20:03.899+05:30  INFO 11432 --- [Config-Server] [           main] o.apache.catalina.core.StandardEngine    : Starting Servlet engine: [Apache Tomcat/11.0.22]
2026-08-23T19:20:04.217+05:30  INFO 11432 --- [Config-Server] [           main] b.w.c.s.WebApplicationContextInitializer : Root WebApplicationContext: initialization completed in 8250 ms
2026-08-23T19:20:11.463+05:30  INFO 11432 --- [Config-Server] [           main] o.s.b.a.e.web.EndpointLinksResolver      : Exposing 1 endpoint beneath base path '/actuator'
2026-08-23T19:20:11.804+05:30  WARN 11432 --- [Config-Server] [           main] ConfigServletWebServerApplicationContext : Exception encountered during context initialization - cancelling refresh attempt: org.springframework.context.ApplicationContextException: Failed to start bean 'webServerStartStop'
2026-08-23T19:20:11.949+05:30  INFO 11432 --- [Config-Server] [           main] .s.b.a.l.ConditionEvaluationReportLogger : 

Error starting ApplicationContext. To display the condition evaluation report re-run your application with 'debug' enabled.
2026-08-23T19:20:12.067+05:30 ERROR 11432 --- [Config-Server] [           main] o.s.b.d.LoggingFailureAnalysisReporter   : 

***************************
APPLICATION FAILED TO START
***************************

Description:

Web server failed to start. Port 9000 was already in use.

Action:

Identify and stop the process that's listening on port 9000 or configure this application to listen on another port.


  .   ____          _            __ _ _
 /\\ / ___'_ __ _ _(_)_ __  __ _ \ \ \ \
( ( )\___ | '_ | '_| | '_ \/ _` | \ \ \ \
 \\/  ___)| |_)| | | | | || (_| |  ) ) ) )
  '  |____| .__|_| |_|_| |_\__, | / / / /
 =========|_|==============|___/=/_/_/_/

 :: Spring Boot ::                (v4.1.0)

2026-08-23T19:20:19.038+05:30  INFO 16824 --- [Config-Server] [           main] l.i.e.c.ConfigServerApplication          : Starting ConfigServerApplication v1.0.0 using Java 25.0.4 with PID 16824 (D:\Ijse\4thSemester\project\platform\config-server\target\Config-Server-1.0.0.jar started by User in D:\Ijse\4thSemester\project\platform)
2026-08-23T19:20:19.052+05:30  INFO 16824 --- [Config-Server] [           main] l.i.e.c.ConfigServerApplication          : No active profile set, falling back to 1 default profile: "default"
2026-08-23T19:20:24.932+05:30  INFO 16824 --- [Config-Server] [           main] o.s.cloud.context.scope.GenericScope     : BeanFactory id=18e84985-69da-3af5-bd42-25b700a248f1
2026-08-23T19:20:26.922+05:30  INFO 16824 --- [Config-Server] [           main] o.s.boot.tomcat.TomcatWebServer          : Tomcat initialized with port 9000 (http)
2026-08-23T19:20:27.056+05:30  INFO 16824 --- [Config-Server] [           main] o.apache.catalina.core.StandardService   : Starting service [Tomcat]
2026-08-23T19:20:27.059+05:30  INFO 16824 --- [Config-Server] [           main] o.apache.catalina.core.StandardEngine    : Starting Servlet engine: [Apache Tomcat/11.0.22]
2026-08-23T19:20:27.306+05:30  INFO 16824 --- [Config-Server] [           main] b.w.c.s.WebApplicationContextInitializer : Root WebApplicationContext: initialization completed in 8005 ms

  .   ____          _            __ _ _
 /\\ / ___'_ __ _ _(_)_ __  __ _ \ \ \ \
( ( )\___ | '_ | '_| | '_ \/ _` | \ \ \ \
 \\/  ___)| |_)| | | | | || (_| |  ) ) ) )
  '  |____| .__|_| |_|_| |_\__, | / / / /
 =========|_|==============|___/=/_/_/_/

 :: Spring Boot ::                (v4.1.0)

2026-08-23T19:25:52.541+05:30  INFO 18836 --- [Config-Server] [           main] l.i.e.c.ConfigServerApplication          : Starting ConfigServerApplication v1.0.0 using Java 25.0.4 with PID 18836 (D:\Ijse\4thSemester\project\platform\config-server\target\Config-Server-1.0.0.jar started by User in D:\Ijse\4thSemester\project\platform)
2026-08-23T19:25:52.559+05:30  INFO 18836 --- [Config-Server] [           main] l.i.e.c.ConfigServerApplication          : No active profile set, falling back to 1 default profile: "default"
2026-08-23T19:25:57.481+05:30  INFO 18836 --- [Config-Server] [           main] o.s.cloud.context.scope.GenericScope     : BeanFactory id=18e84985-69da-3af5-bd42-25b700a248f1
2026-08-23T19:25:59.019+05:30  INFO 18836 --- [Config-Server] [           main] o.s.boot.tomcat.TomcatWebServer          : Tomcat initialized with port 9000 (http)
2026-08-23T19:25:59.066+05:30  INFO 18836 --- [Config-Server] [           main] o.apache.catalina.core.StandardService   : Starting service [Tomcat]
2026-08-23T19:25:59.067+05:30  INFO 18836 --- [Config-Server] [           main] o.apache.catalina.core.StandardEngine    : Starting Servlet engine: [Apache Tomcat/11.0.22]
2026-08-23T19:25:59.160+05:30  INFO 18836 --- [Config-Server] [           main] b.w.c.s.WebApplicationContextInitializer : Root WebApplicationContext: initialization completed in 6290 ms
2026-08-23T19:26:05.060+05:30  INFO 18836 --- [Config-Server] [           main] o.s.b.a.e.web.EndpointLinksResolver      : Exposing 1 endpoint beneath base path '/actuator'
2026-08-23T19:26:05.753+05:30  INFO 18836 --- [Config-Server] [           main] o.s.boot.tomcat.TomcatWebServer          : Tomcat started on port 9000 (http) with context path '/'
2026-08-23T19:26:06.107+05:30  INFO 18836 --- [Config-Server] [           main] l.i.e.c.ConfigServerApplication          : Started ConfigServerApplication in 16.905 seconds (process running for 18.254)
2026-08-23T19:26:11.986+05:30  INFO 18836 --- [Config-Server] [nio-9000-exec-1] o.a.c.c.C.[Tomcat].[localhost].[/]       : Initializing Spring DispatcherServlet 'dispatcherServlet'
2026-08-23T19:26:11.987+05:30  INFO 18836 --- [Config-Server] [nio-9000-exec-1] o.s.web.servlet.DispatcherServlet        : Initializing Servlet 'dispatcherServlet'
2026-08-23T19:26:11.994+05:30  INFO 18836 --- [Config-Server] [nio-9000-exec-1] o.s.web.servlet.DispatcherServlet        : Completed initialization in 4 ms
2026-08-23T19:26:16.767+05:30  INFO 18836 --- [Config-Server] [nio-9000-exec-1] o.s.c.c.s.e.NativeEnvironmentRepository  : Adding property source: Config resource 'file [C:\Users\User\AppData\Local\Temp\config-repo-3822856326230737731\platform\api-gateway.yaml]' via location 'file:/C:/Users/User/AppData/Local/Temp/config-repo-3822856326230737731/platform/'
2026-08-23T19:26:16.768+05:30  INFO 18836 --- [Config-Server] [nio-9000-exec-1] o.s.c.c.s.e.NativeEnvironmentRepository  : Adding property source: Config resource 'file [C:\Users\User\AppData\Local\Temp\config-repo-3822856326230737731\application.yaml]' via location 'file:/C:/Users/User/AppData/Local/Temp/config-repo-3822856326230737731/'
2026-08-23T19:26:17.697+05:30  INFO 18836 --- [Config-Server] [nio-9000-exec-2] o.s.c.c.s.e.NativeEnvironmentRepository  : Adding property source: Config resource 'file [C:\Users\User\AppData\Local\Temp\config-repo-3822856326230737731\platform\service-registry.yaml]' via location 'file:/C:/Users/User/AppData/Local/Temp/config-repo-3822856326230737731/platform/'
2026-08-23T19:26:17.699+05:30  INFO 18836 --- [Config-Server] [nio-9000-exec-2] o.s.c.c.s.e.NativeEnvironmentRepository  : Adding property source: Config resource 'file [C:\Users\User\AppData\Local\Temp\config-repo-3822856326230737731\application.yaml]' via location 'file:/C:/Users/User/AppData/Local/Temp/config-repo-3822856326230737731/'
